<html>
<body>
<pre>
<h1>礦ision Build Log</h1>
<h2>Tool Versions:</h2>
IDE-Version: μVision V5.28.0.0
Copyright (C) 2019 ARM Ltd and ARM Germany GmbH. All rights reserved.
License Information: light pan, zucc, LIC=TIVNN-Y0VT9-Y8WFK-ZJFEP-PL120-FNCNM
 
Tool Versions:
Toolchain:       MDK-ARM Plus  Version: 5.28.0.0
Toolchain Path:  C:\Keil_v5\ARM\ARMCLANG\Bin
C Compiler:      ArmClang.exe V6.12
Assembler:       Armasm.exe V6.12
Linker/Locator:  ArmLink.exe V6.12
Library Manager: ArmAr.exe V6.12
Hex Converter:   FromElf.exe V6.12
CPU DLL:         SARMCM3.DLL V5.28.0.0
Dialog DLL:      DCM.DLL V1.17.3.0
Target DLL:      Segger\JL2CM3.dll V2.99.36.0
Dialog DLL:      TCM.DLL V1.36.2.0
 
<h2>Project:</h2>
C:\Users\pan39\Desktop\Singlechip\LCDOnVET6\MDK-ARM\LCDOnVET6.uvprojx
Project File Date:  07/30/2019

<h2>Output:</h2>
*** Using Compiler 'V6.12', folder: 'C:\Keil_v5\ARM\ARMCLANG\Bin'
Build target 'LCDOnVET6'
../Src/main.c(114): warning: passing 'char [15]' to parameter of type 'uint8_t *' (aka 'unsigned char *') converts between pointers to integer types with different sign [-Wpointer-sign]
        LCD_ShowString(30,50,200,16,16,"mcudev STM32F4");       
                                       ^~~~~~~~~~~~~~~~
../MyFile\ILI93xx.h(105): note: passing argument to parameter 'p' here
void LCD_ShowString(u16 x,u16 y,u16 width,u16 height,u8 size,u8 *p);            //<CF><D4>示一<B8><F6><D7>址<FB><B4><AE>,12/16<D7><D6><CC><E5>
                                                                 ^
../Src/main.c(115): warning: passing 'char [9]' to parameter of type 'uint8_t *' (aka 'unsigned char *') converts between pointers to integer types with different sign [-Wpointer-sign]
        LCD_ShowString(30,70,200,16,16,"SPI TEST");     
                                       ^~~~~~~~~~
../MyFile\ILI93xx.h(105): note: passing argument to parameter 'p' here
void LCD_ShowString(u16 x,u16 y,u16 width,u16 height,u8 size,u8 *p);            //<CF><D4>示一<B8><F6><D7>址<FB><B4><AE>,12/16<D7><D6><CC><E5>
                                                                 ^
../Src/main.c(116): warning: passing 'char [18]' to parameter of type 'uint8_t *' (aka 'unsigned char *') converts between pointers to integer types with different sign [-Wpointer-sign]
        LCD_ShowString(30,90,200,16,16,"mcudev.taobao.com");
                                       ^~~~~~~~~~~~~~~~~~~
../MyFile\ILI93xx.h(105): note: passing argument to parameter 'p' here
void LCD_ShowString(u16 x,u16 y,u16 width,u16 height,u8 size,u8 *p);            //<CF><D4>示一<B8><F6><D7>址<FB><B4><AE>,12/16<D7><D6><CC><E5>
                                                                 ^
3 warnings generated.
compiling main.c...
linking...
Program Size: Code=14706 RO-data=6570 RW-data=16 ZI-data=1288  
FromELF: creating hex file...
"LCDOnVET6\LCDOnVET6.axf" - 0 Error(s), 3 Warning(s).

<h2>Software Packages used:</h2>

Package Vendor: ARM
                http://www.keil.com/pack/ARM.CMSIS.5.6.0.pack
                ARM.CMSIS.5.6.0
                CMSIS (Cortex Microcontroller Software Interface Standard)
   * Component: CORE Version: 5.3.0

Package Vendor: Keil
                http://www.keil.com/pack/Keil.STM32F4xx_DFP.2.13.0.pack
                Keil.STM32F4xx_DFP.2.13.0
                STMicroelectronics STM32F4 Series Device Support, Drivers and Examples

<h2>Collection of Component include folders:</h2>
  .\RTE\_LCDOnVET6
  C:\Users\pan39\AppData\Local\Arm\Packs\ARM\CMSIS\5.6.0\CMSIS\Core\Include
  C:\Users\pan39\AppData\Local\Arm\Packs\Keil\STM32F4xx_DFP\2.13.0\Drivers\CMSIS\Device\ST\STM32F4xx\Include

<h2>Collection of Component Files used:</h2>

   * Component: ARM::CMSIS:CORE:5.3.0
Build Time Elapsed:  00:00:01
</pre>
</body>
</html>
